// Jest Snapshot v1, https://goo.gl/fbAQLP

exports[`Should Render Button 1`] = `
<button
  className="button hello"
>
  My Button
</button>
`;
