// Jest Snapshot v1, https://goo.gl/fbAQLP

exports[`Should Render Row 1`] = `
<div
  className="hello clearfix"
>
  My Row
</div>
`;
