// Jest Snapshot v1, https://goo.gl/fbAQLP

exports[`Should Render with no-js className 1`] = `
<Fragment>
  <span
    className="no-js"
    key=".0"
  >
    hello
  </span>
</Fragment>
`;
